// Jest Snapshot v1, https://goo.gl/fbAQLP

exports[`Update program financial servce provider configuration of PA should fail when updating program financial servce provider configuration when a required property of new FSP is not yet present 1`] = `
{
  "message": "addressCity: Cannot update 'addressCity' is required for the FSP: 'Intersolve-visa', addressHouseNumber: Cannot update 'addressHouseNumber' is required for the FSP: 'Intersolve-visa', addressPostalCode: Cannot update 'addressPostalCode' is required for the FSP: 'Intersolve-visa', addressStreet: Cannot update 'addressStreet' is required for the FSP: 'Intersolve-visa'",
  "statusCode": 400,
}
`;
