// Jest Snapshot v1, https://goo.gl/fbAQLP

exports[`NedbankApiHelperService createErrorMessageIfApplicable should return default error for no errors 1`] = `"{"Errors":[]}"`;
