// Jest Snapshot v1, https://goo.gl/fbAQLP

exports[`Projects / Users / Roles should return an error when a user tries to assign roles to themselves 1`] = `"You cannot update your own project assignment"`;
