// Jest Snapshot v1, https://jestjs.io/docs/snapshot-testing

exports[`Do payment with FSP: Airtel should create a transaction with status error when we do a payment with an invalid phonenumber 1`] = `"Airtel Error: Mobile number entered is incorrect. (DP00900001012)"`;
