// Jest Snapshot v1, https://goo.gl/fbAQLP

exports[`Export transactions should export transaction with the correct fields 1`] = `"Male"`;
