// Jest Snapshot v1, https://jestjs.io/docs/snapshot-testing

exports[`Filter registrations not operator filters should throw bad request for $not:$null filter on registration attribute data 1`] = `"Using $not:$null is not supported for registration attribute data filters."`;
